// Jest Snapshot v1, https://goo.gl/fbAQLP

exports[`App Component test snapshot 1`] = `
<div
  class="app"
  title="apptitle"
>
  <div>
    <a
      href="https://vite.dev"
      target="_blank"
    >
      <img
        alt="Vite logo"
        class="logo"
        src="[object Object]"
      />
    </a>
    <a
      href="https://react.dev"
      target="_blank"
    >
      <img
        alt="React logo"
        class="logo react"
        src="[object Object]"
      />
    </a>
  </div>
  <h1>
    hello_world
  </h1>
  <div
    class="card"
  >
    <button>
      count is 
      0
    </button>
    <button>
      English
    </button>
    <button>
      Fran√ßais
    </button>
    <p>
      Edit 
      <code>
        src/App.tsx
      </code>
       and save to test HMR
    </p>
    <a
      class="App-link"
      href="https://reactjs.org"
      rel="noopener noreferrer"
      target="_blank"
    >
      Learn React
    </a>
  </div>
  <p
    class="read-the-docs"
  >
    Click on the Vite and React logos to learn more
  </p>
</div>
`;
